// Vitest Snapshot v1, https://vitest.dev/guide/snapshot.html

exports[`UserCard snapshot > matches the snapshot 1`] = `
<div>
  <div
    style="border: 1px solid rgb(238, 238, 238); border-radius: 8px; padding: 16px; margin-bottom: 12px; background: rgb(255, 255, 255); display: flex; justify-content: space-between; align-items: center;"
  >
    <div>
      <div
        style="font-weight: 700;"
      />
      <div
        style="color: var(--color-secondary);"
      />
    </div>
  </div>
</div>
`;
